
> synthetic-finetuning-constitution-research-log@0.1.0 build
> node scripts/build-site.mjs

Indexed 11 research entries.

  vinext build  (Vite 8.0.13)

[1/5] analyze client references...
[2K
transforming...✓ 478 modules transformed.
rendering chunks...
✓ built in 522ms
[2/5] analyze server references...
[2K
transforming...✓ 601 modules transformed.
rendering chunks...
✓ built in 274ms
[3/5] build rsc environment...
[2K
transforming...✓ 487 modules transformed.
rendering chunks...
computing gzip size...
✓ built in 625ms
[4/5] build client environment...
[2K
transforming...✓ 2415 modules transformed.
rendering chunks...
computing gzip size...
✓ built in 1.04s
[5/5] build ssr environment...
[2K
transforming...✓ 612 modules transformed.
rendering chunks...
computing gzip size...
✓ built in 795ms
[0m
  Route (app)
  ┌ ? /           
  ├ ? /datasets   
  ├ ƒ /entry/:slug
  ├ ? /evals      
  ├ ? /findings   
  ├ ? /logs       
  ├ ? /models     
  └ ? /petri      

  ƒ Dynamic  ? Unknown

  ? Some routes could not be classified. vinext currently uses static analysis
    and cannot detect dynamic API usage (headers(), cookies(), etc.) at build time.
    Automatic classification will be improved in a future release.

  Build complete. Run `vinext start` to start the production server.

