npm.cmd : npm warn deprecated @esbuild-kit/esm-loader@2.6.5: Merged into tsx: https://tsx.is
At line:5 char:1
+ npm.cmd ci 2>&1 | Tee-Object -FilePath "C:\Users\nikak\AppData\Local\ ...
+ ~~~~~~~~~~~~~~~
    + CategoryInfo          : NotSpecified: (npm warn deprec... https://tsx.is:String) [], RemoteException
    + FullyQualifiedErrorId : NativeCommandError
 
npm warn deprecated @esbuild-kit/core-utils@3.3.2: Merged into tsx: https://tsx.is

added 673 packages, and audited 674 packages in 27s

265 packages are looking for funding
  run `npm fund` for details

18 vulnerabilities (1 low, 4 moderate, 13 high)

To address issues that do not require attention, run:
  npm audit fix

To address all issues (including breaking changes), run:
  npm audit fix --force

Run `npm audit` for details.
npm warn allow-scripts 7 packages have install scripts not yet covered by allowScripts:
npm warn allow-scripts   esbuild@0.18.20 (postinstall: node install.js)
npm warn allow-scripts   esbuild@0.25.12 (postinstall: node install.js)
npm warn allow-scripts   esbuild@0.28.0 (postinstall: node install.js)
npm warn allow-scripts   sharp@0.34.5 (install: node install/check.js || npm run build)
npm warn allow-scripts   unrs-resolver@1.11.1 (postinstall: napi-postinstall unrs-resolver 1.11.1 check)
npm warn allow-scripts   workerd@1.20260515.1 (postinstall: node install.js)
npm warn allow-scripts   esbuild@0.27.3 (postinstall: node install.js)
npm warn allow-scripts
npm warn allow-scripts Run `npm approve-scripts --allow-scripts-pending` to review, or `npm approve-scripts <pkg>` to 
allow.
